Image with src "/api/media/fetch?src=https%3A%2F%2Fpub-05520b87648e41d29f4d7539fef47aef.r2.dev%2Fproducts%2Fuser_seller_02%2F30894ae0-f8a5-476a-8bdc-a33fcaa4fae9.jpeg" is using a query string which is not configured in images.localPatterns. This config will be required starting in Next.js 16.
Read more: https://nextjs.org/docs/messages/next-image-unconfigured-localpatterns
Image with src "/api/media/fetch?src=https%3A%2F%2Fcdn.hanuja.com.tr%2Fproducts%2Fbahce-tik-01-main.jpg" is using a query string which is not configured in images.localPatterns. This config will be required starting in Next.js 16.
Read more: https://nextjs.org/docs/messages/next-image-unconfigured-localpatterns
Image with src "/api/media/fetch?src=https%3A%2F%2Fcdn.hanuja.com.tr%2Fproducts%2Fsarkit-mese-01-main.jpg" is using a query string which is not configured in images.localPatterns. This config will be required starting in Next.js 16.
Read more: https://nextjs.org/docs/messages/next-image-unconfigured-localpatterns
Image with src "/api/media/fetch?src=https%3A%2F%2Fcdn.hanuja.com.tr%2Fproducts%2Fraf-mese-01-main.jpg" is using a query string which is not configured in images.localPatterns. This config will be required starting in Next.js 16.
Read more: https://nextjs.org/docs/messages/next-image-unconfigured-localpatterns
Image with src "/api/media/fetch?src=https%3A%2F%2Fcdn.hanuja.com.tr%2Fproducts%2Fmasa-ceviz-01-main.jpg" is using a query string which is not configured in images.localPatterns. This config will be required starting in Next.js 16.
Read more: https://nextjs.org/docs/messages/next-image-unconfigured-localpatterns
[API Error] NoSuchKey: The specified key does not exist.
    at async readObject (..\..\api\lib\r2.ts:244:20)
    at async fetchPublicMedia (..\..\api\routes\media.ts:102:20)
  242 |   const { bucketName } = getR2Config()
  243 |   const r2 = createR2Client()
> 244 |   const response = await r2.send(
      |                    ^
  245 |     new GetObjectCommand({
  246 |       Bucket: bucketName,
  247 |       Key: key, {
  '$fault': 'client',
  '$retryable': undefined,
  '$metadata': [Object],
  Code: 'NoSuchKey'
}
[API Error] NoSuchKey: The specified key does not exist.
    at async readObject (..\..\api\lib\r2.ts:244:20)
    at async fetchPublicMedia (..\..\api\routes\media.ts:102:20)
  242 |   const { bucketName } = getR2Config()
  243 |   const r2 = createR2Client()
> 244 |   const response = await r2.send(
      |                    ^
  245 |     new GetObjectCommand({
  246 |       Bucket: bucketName,
  247 |       Key: key, {
  '$fault': 'client',
  '$retryable': undefined,
  '$metadata': [Object],
  Code: 'NoSuchKey'
}
[API Error] NoSuchKey: The specified key does not exist.
    at async readObject (..\..\api\lib\r2.ts:244:20)
    at async fetchPublicMedia (..\..\api\routes\media.ts:102:20)
  242 |   const { bucketName } = getR2Config()
  243 |   const r2 = createR2Client()
> 244 |   const response = await r2.send(
      |                    ^
  245 |     new GetObjectCommand({
  246 |       Bucket: bucketName,
  247 |       Key: key, {
  '$fault': 'client',
  '$retryable': undefined,
  '$metadata': [Object],
  Code: 'NoSuchKey'
}
[API Error] NoSuchKey: The specified key does not exist.
    at async readObject (..\..\api\lib\r2.ts:244:20)
    at async fetchPublicMedia (..\..\api\routes\media.ts:102:20)
  242 |   const { bucketName } = getR2Config()
  243 |   const r2 = createR2Client()
> 244 |   const response = await r2.send(
      |                    ^
  245 |     new GetObjectCommand({
  246 |       Bucket: bucketName,
  247 |       Key: key, {
  '$fault': 'client',
  '$retryable': undefined,
  '$metadata': [Object],
  Code: 'NoSuchKey'
}
 ⨯ The requested resource isn't a valid image for /api/media/fetch?src=https%3A%2F%2Fcdn.hanuja.com.tr%2Fproducts%2Fmasa-ceviz-01-main.jpg received null
 ⨯ The requested resource isn't a valid image for /api/media/fetch?src=https%3A%2F%2Fcdn.hanuja.com.tr%2Fproducts%2Fsarkit-mese-01-main.jpg received null
 ⨯ The requested resource isn't a valid image for /api/media/fetch?src=https%3A%2F%2Fcdn.hanuja.com.tr%2Fproducts%2Fbahce-tik-01-main.jpg received null
 ⨯ The requested resource isn't a valid image for /api/media/fetch?src=https%3A%2F%2Fcdn.hanuja.com.tr%2Fproducts%2Fraf-mese-01-main.jpg received null
